%!Adobe-FontList 1.14
%Locale:0x40c

%BeginFont
Handler:DirectoryHandler
FontType:Type1
FontName:D-DINExp-Bold
FamilyName:D-DIN Exp
StyleName:DINExp-Bold
FullName:D-DIN Exp Bold
MenuName:D-DIN Exp
StyleBits:2
WritingScript:Roman
OutlineFileName:C:\Projects\Flutter\WahaApplication\assets\Font\D-DINExp-Bold.otf
DataFormat:sfntData
UsesStandardEncoding:yes
isCFF:yes
FileLength:57340
FileModTime:1599033634
WeightClass:700
WidthClass:7
AngleClass:0
%EndFont

%BeginFont
Handler:DirectoryHandler
FontType:TrueType
FontName:DIN-BlackAlternate
FamilyName:DIN
StyleName:Regular
FullName:DIN-BlackAlternate
MenuName:DIN
StyleBits:0
WritingScript:Roman
OutlineFileName:C:\Projects\Flutter\WahaApplication\assets\Font\DINBlackAlternate.ttf
DataFormat:sfntData
FileLength:49120
FileModTime:1416783912
WeightClass:400
WidthClass:5
AngleClass:0
%EndFont

%BeginFont
Handler:DirectoryHandler
FontType:TrueType
FontName:DIN-Bold
FamilyName:DIN
StyleName:Regular
FullName:DIN-Bold
MenuName:DIN
StyleBits:2
WritingScript:Roman
OutlineFileName:C:\Projects\Flutter\WahaApplication\assets\Font\DINBold.ttf
DataFormat:sfntData
FileLength:51832
FileModTime:1416783914
WeightClass:700
WidthClass:5
AngleClass:0
%EndFont

%BeginFont
Handler:DirectoryHandler
FontType:TrueType
FontName:DIN-Light
FamilyName:DIN
StyleName:Light
FullName:DIN-Light
MenuName:DIN
StyleBits:0
WritingScript:Roman
OutlineFileName:C:\Projects\Flutter\WahaApplication\assets\Font\DINLight.ttf
DataFormat:sfntData
FileLength:44024
FileModTime:1416784030
WeightClass:300
WidthClass:5
AngleClass:0
%EndFont

%BeginFont
Handler:DirectoryHandler
FontType:TrueType
FontName:DIN-LightAlternate
FamilyName:DIN
StyleName:Regular
FullName:DIN-LightAlternate
MenuName:DIN
StyleBits:0
WritingScript:Roman
OutlineFileName:C:\Projects\Flutter\WahaApplication\assets\Font\DINLightAlternate.ttf
DataFormat:sfntData
FileLength:44352
FileModTime:1416784030
WeightClass:400
WidthClass:5
AngleClass:0
%EndFont

%BeginFont
Handler:DirectoryHandler
FontType:TrueType
FontName:DIN-Medium
FamilyName:DIN
StyleName:Medium
FullName:DIN-Medium
MenuName:DIN
StyleBits:2
WritingScript:Roman
OutlineFileName:C:\Projects\Flutter\WahaApplication\assets\Font\DINMedium.ttf
DataFormat:sfntData
FileLength:44056
FileModTime:1416784032
WeightClass:500
WidthClass:5
AngleClass:0
%EndFont

%BeginFont
Handler:DirectoryHandler
FontType:TrueType
FontName:DIN-MediumAlternate
FamilyName:DIN
StyleName:Regular
FullName:DIN-MediumAlternate
MenuName:DIN
StyleBits:0
WritingScript:Roman
OutlineFileName:C:\Projects\Flutter\WahaApplication\assets\Font\DINMediumAlternate.ttf
DataFormat:sfntData
FileLength:42820
FileModTime:1416784036
WeightClass:400
WidthClass:5
AngleClass:0
%EndFont

%BeginFont
Handler:DirectoryHandler
FontType:TrueType
FontName:DIN-Regular
FamilyName:DIN
StyleName:Regular
FullName:DIN-Regular
MenuName:DIN
StyleBits:0
WritingScript:Roman
OutlineFileName:C:\Projects\Flutter\WahaApplication\assets\Font\DINRegular.ttf
DataFormat:sfntData
FileLength:44888
FileModTime:1416784080
WeightClass:400
WidthClass:5
AngleClass:0
%EndFont

%BeginFont
Handler:DirectoryHandler
FontType:TrueType
FontName:DIN-RegularAlternate
FamilyName:DIN
StyleName:Regular
FullName:DIN-RegularAlternate
MenuName:DIN
StyleBits:0
WritingScript:Roman
OutlineFileName:C:\Projects\Flutter\WahaApplication\assets\Font\DINRegularAlternate.ttf
DataFormat:sfntData
FileLength:43960
FileModTime:1416784082
WeightClass:400
WidthClass:5
AngleClass:0
%EndFont

%BeginFont
Handler:DirectoryHandler
FontType:Invalid
OutlineFileName:C:\Projects\Flutter\WahaApplication\assets\Font\SIL Open Font License.txt
FileModTime:1599033634
%EndFont

